
> toko-mini-moni-app@0.1.0 dev
> next dev

▲ Next.js 16.3.5 (Turbopack)
- Local:         http://localhost:3001
- Network:       http://192.168.18.216:3001
- Environments: .env.local
✓ Ready in 560ms
✓ Running next.config.ts took 26ms

 GET /api/bookings/slots?date=2026-09-22 200 in 422ms (next.js: 271ms, application-code: 150ms)
 GET /booking 200 in 467ms (next.js: 218ms, application-code: 249ms)
 GET / 200 in 282ms (next.js: 182ms, application-code: 100ms)
 GET / 200 in 30ms (next.js: 2ms, application-code: 27ms)
 GET / 200 in 225ms (next.js: 55ms, application-code: 170ms)
 GET /booking 200 in 219ms (next.js: 25ms, application-code: 193ms)
 GET /api/bookings/slots?date=2026-09-21 200 in 31ms (next.js: 4ms, application-code: 28ms)
 GET / 200 in 96ms (next.js: 11ms, application-code: 84ms)
 GET / 200 in 1370ms (next.js: 301ms, application-code: 1069ms)
 GET /booking 200 in 169ms (next.js: 23ms, application-code: 146ms)
 GET /api/bookings/slots?date=2026-09-21 200 in 36ms (next.js: 7ms, application-code: 29ms)
 GET / 200 in 108ms (next.js: 11ms, application-code: 97ms)
 GET /menu 200 in 305ms (next.js: 173ms, application-code: 132ms)
 GET /booking 200 in 140ms (next.js: 14ms, application-code: 126ms)
 GET /api/bookings/slots?date=2026-09-21 200 in 20ms (next.js: 3ms, application-code: 16ms)
 GET / 200 in 135ms (next.js: 45ms, application-code: 90ms)
 GET /booking 200 in 70ms (next.js: 14ms, application-code: 56ms)
 GET / 200 in 48ms (next.js: 5ms, application-code: 44ms)
 GET /booking 200 in 44ms (next.js: 4ms, application-code: 41ms)
 GET /api/bookings/slots?date=2026-09-21 200 in 13ms (next.js: 3ms, application-code: 10ms)
 GET / 200 in 55ms (next.js: 5ms, application-code: 50ms)
 GET /booking 200 in 42ms (next.js: 4ms, application-code: 38ms)
 GET /api/bookings/slots?date=2026-09-21 200 in 17ms (next.js: 3ms, application-code: 13ms)
 GET / 200 in 51ms (next.js: 5ms, application-code: 47ms)
